Downloading https://services.gradle.org/distributions/gradle-8.11.1-all.zip
...............................................................................................................................................................................................................................................................................................................................................................................................................................................................................................................................................................................................................................................................................................................................................................................................................................................................................................................................................................................................................................................................................................................................................................................................................................................................................................................................................................................................................................................................................................................................................................................................................................................................................................................................................................................................................................................................................................................................................................................................................................................................................................................................................................................................................................................................................................................................................................................................................................................................................................................................................................................................................................................................................................................................................................................................................................................................................................................................................................................................................................................................................................................................................................................................................................................................................................................................................................................................................................................................................................................................................................................................................................................................................................................................................................................................................................................................................................................................................................................................................................................................................................................................................................................................................................................................................................................................................................................................................................................................................................................................................................................................................................................................................................................................................................................................................................................................................................................................................................................................................................................................................................................................................................................................................................................................................................................................................................................................................................................................................................................................................................................................................................................................................................................................................................................................................................................................................................................................................................................................................................................................................................................................................................................................................................................................................................................................................................................................................................................................................................................................................................................................................................................................................................................................................................................................................................................................................................................................................................................................................................................................................................................................................................................................................................................................................................................................................................................................................................................................................................................................................................................................................................................................................................................................................................................................................................................................................................................................................................................................................................................................................................................................................................................................................................................................................................................................................................................................................................................................................................................................................................................................................................................................................................................................................................................................................................................................................................................................................................................................................................................................................................................................................................................................................................................................................................................................................................................................................................................................................................................................................................................................................................................................................................................................................................................................................................................................................................................................................................................................................................................................................................................................................................................................................................................................................................................................................................................................................................................................................................................................................................................................................................................................................................................................................................................................................................................................................................................................................................................................................................................................................................................................................................................................................................................................................................................................................................................................................................................................................................................................................................................................................................................................................................................................................................................................................................................................................................................................................................................
Unzipping /home/runner/.gradle/wrapper/dists/gradle-8.11.1-all/2qik7nd48slq1ooc2496ixf4i/gradle-8.11.1-all.zip to /home/runner/.gradle/wrapper/dists/gradle-8.11.1-all/2qik7nd48slq1ooc2496ixf4i
Set executable permissions for: /home/runner/.gradle/wrapper/dists/gradle-8.11.1-all/2qik7nd48slq1ooc2496ixf4i/gradle-8.11.1/bin/gradle

Welcome to Gradle 8.11.1!

Here are the highlights of this release:
 - Parallel load and store for Configuration Cache
 - Java compilation errors at the end of the build output
 - Consolidated report for warnings and deprecations

For more details see https://docs.gradle.org/8.11.1/release-notes.html

Starting a Gradle Daemon (subsequent builds will be faster)
> Task :app:preBuild UP-TO-DATE
> Task :app:preReleaseBuild UP-TO-DATE
> Task :loggerlibrary:preBuild UP-TO-DATE
> Task :loggerlibrary:preReleaseBuild UP-TO-DATE
> Task :app:javaPreCompileRelease
> Task :app:generateReleaseResValues
> Task :loggerlibrary:writeReleaseAarMetadata
> Task :loggerlibrary:generateReleaseResValues
> Task :loggerlibrary:generateReleaseResources
> Task :app:checkReleaseAarMetadata
> Task :loggerlibrary:packageReleaseResources
> Task :app:mapReleaseSourceSetPaths
> Task :app:generateReleaseResources
> Task :app:compileReleaseAidl
> Task :app:packageReleaseResources
> Task :app:mergeReleaseResources
> Task :app:createReleaseCompatibleScreenManifests
> Task :app:extractDeepLinksRelease
> Task :loggerlibrary:extractDeepLinksRelease
> Task :loggerlibrary:compileReleaseLibraryResources
> Task :app:parseReleaseLocalResources
> Task :app:preReleaseUnitTestBuild UP-TO-DATE
> Task :loggerlibrary:javaPreCompileRelease
> Task :app:javaPreCompileReleaseUnitTest
> Task :loggerlibrary:parseReleaseLocalResources
> Task :app:processReleaseJavaRes
> Task :loggerlibrary:processReleaseManifest
> Task :loggerlibrary:generateReleaseRFile

> Task :app:processReleaseMainManifest
/home/runner/work/GeoVeil/GeoVeil/geoavil/app/src/main/AndroidManifest.xml:54:9-61:51 Warning:
	provider#rikka.shizuku.ShizukuProvider@android:authorities was tagged at AndroidManifest.xml:54 to replace other declarations but no other declaration present

> Task :app:processReleaseManifest
> Task :loggerlibrary:compileReleaseJavaWithJavac
> Task :app:processReleaseUnitTestJavaRes NO-SOURCE
> Task :app:processReleaseManifestForPackage
> Task :loggerlibrary:bundleLibCompileToJarRelease
> Task :loggerlibrary:processReleaseJavaRes NO-SOURCE
> Task :loggerlibrary:bundleLibRuntimeToJarRelease
> Task :app:extractProguardFiles
> Task :loggerlibrary:createFullJarRelease
> Task :loggerlibrary:extractProguardFiles
> Task :app:processReleaseResources
> Task :loggerlibrary:generateReleaseLintModel

> Task :app:compileReleaseJavaWithJavac
Note: Some input files use or override a deprecated API.
Note: Recompile with -Xlint:deprecation for details.

> Task :app:bundleReleaseClassesToRuntimeJar
> Task :app:bundleReleaseClassesToCompileJar
> Task :loggerlibrary:prepareLintJarForPublish
> Task :loggerlibrary:mergeReleaseJniLibFolders
> Task :app:compileReleaseUnitTestJavaWithJavac
> Task :app:testReleaseUnitTest
> Task :app:generateReleaseLintReportModel
> Task :loggerlibrary:mergeReleaseNativeLibs NO-SOURCE
> Task :loggerlibrary:stripReleaseDebugSymbols NO-SOURCE
> Task :loggerlibrary:copyReleaseJniLibsProjectAndLocalJars
> Task :loggerlibrary:extractDeepLinksForAarRelease
> Task :loggerlibrary:extractReleaseAnnotations
> Task :loggerlibrary:mergeReleaseGeneratedProguardFiles
> Task :loggerlibrary:mergeReleaseConsumerProguardFiles
> Task :loggerlibrary:mergeReleaseShaders
> Task :loggerlibrary:compileReleaseShaders NO-SOURCE
> Task :loggerlibrary:generateReleaseAssets UP-TO-DATE
> Task :loggerlibrary:packageReleaseAssets
> Task :loggerlibrary:prepareReleaseArtProfile
> Task :loggerlibrary:writeReleaseLintModelMetadata
> Task :loggerlibrary:preReleaseUnitTestBuild UP-TO-DATE
> Task :loggerlibrary:mergeReleaseJavaResource
> Task :app:generateReleaseLintVitalReportModel
> Task :loggerlibrary:syncReleaseLibJars
> Task :loggerlibrary:bundleReleaseLocalLintAar
> Task :app:generateReleaseUnitTestLintModel
> Task :loggerlibrary:generateReleaseUnitTestLintModel
> Task :loggerlibrary:generateReleaseLintVitalModel
> Task :app:mergeReleaseJniLibFolders
> Task :loggerlibrary:copyReleaseJniLibsProjectOnly
> Task :app:mergeReleaseNativeLibs NO-SOURCE
> Task :app:stripReleaseDebugSymbols NO-SOURCE
> Task :app:extractReleaseNativeSymbolTables NO-SOURCE
> Task :app:mergeReleaseNativeDebugMetadata NO-SOURCE
> Task :loggerlibrary:bundleLibRuntimeToDirRelease
> Task :app:checkReleaseDuplicateClasses
> Task :app:dexBuilderRelease
> Task :app:desugarReleaseFileDependencies
> Task :app:mergeReleaseStartupProfile
> Task :app:lintAnalyzeReleaseUnitTest
> Task :loggerlibrary:lintVitalAnalyzeRelease
> Task :loggerlibrary:lintAnalyzeRelease
> Task :loggerlibrary:lintAnalyzeReleaseUnitTest
> Task :app:mergeReleaseArtProfile
> Task :app:mergeExtDexRelease
> Task :app:mergeReleaseGlobalSynthetics
> Task :app:mergeReleaseShaders
> Task :app:compileReleaseShaders NO-SOURCE
> Task :app:generateReleaseAssets UP-TO-DATE
> Task :app:mergeReleaseAssets
> Task :app:compressReleaseAssets
> Task :app:extractReleaseVersionControlInfo
> Task :app:lintVitalAnalyzeRelease
> Task :app:lintVitalReportRelease SKIPPED
> Task :app:lintVitalRelease SKIPPED
> Task :app:mergeDexRelease
> Task :app:mergeReleaseJavaResource
> Task :app:collectReleaseDependencies
> Task :app:sdkReleaseDependencyData
> Task :app:optimizeReleaseResources
> Task :app:validateSigningRelease
> Task :app:writeReleaseAppMetadata
> Task :app:writeReleaseSigningConfigVersions
> Task :app:compileReleaseArtProfile
> Task :app:packageRelease
> Task :app:createReleaseApkListingFileRedirect
> Task :app:assembleRelease
> Task :app:lintAnalyzeRelease

> Task :app:lintReportRelease
Wrote HTML report to file:///home/runner/work/GeoVeil/GeoVeil/geoavil/app/build/reports/lint-results-release.html

> Task :app:lintRelease
[Incubating] Problems report is available at: file:///home/runner/work/GeoVeil/GeoVeil/geoavil/build/reports/problems/problems-report.html

BUILD SUCCESSFUL in 1m 42s
91 actionable tasks: 91 executed
